20c20
< SEQUENCE_TEMPLATE=s1
---
> SEQUENCE_TEMPLATE=NNNNNNNNNNNNNNNNNNNNGCCTTCATTAGAAAGTGAAAGTAAATGTTATCCTTTTAGATATGAATTAGCAAGTCATTATNNNNNNNNNNNNNNNNNNNNNNNNNNNNNNTTGGAAACAGTATAAATAAGCAAAGATATTTGAATCCTGTCACCTTTTCATCCTCTGTCCTTTTGCCCAAGATAACATTGTTATAGTTGCCTTTACCCTGCACTGTACAACTCCTACTAAACTTCTTAGGTAGGAGGTGTGTTGGCTTTTCCTTGNGGGNTGGGTAGTCACAAAGTGTGTCTGAGCAAAGTCTCTTGCAAATCCCCTGGGTACTAANTAATGGNNNNNNNNNNNNNNNNNNNNNNNNNNNNNNNNNNNNNN
23,26d22
< PRIMER_TASK=generic
< PRIMER_PICK_LEFT_PRIMER=1
< PRIMER_PICK_INTERNAL_OLIGO=0
< PRIMER_PICK_RIGHT_PRIMER=1
36c32
< SEQUENCE_TEMPLATE=s2
---
> SEQUENCE_TEMPLATE=NNNNNNNNNNNNNNNNNNNACTTGTCATTTCTCAGAGACATCTATACCTCAGAGACAAACTTCTCAGAAAACAACCCTAAGGTTGAACAAAACATGGCTGTATGTATCTATATTATTACACGCGCGTGGGNNANNNNNNNNNNNNNNNNCGTTGATTTTTTATACTAACAAGANNATGTCCATATAACATGCTAGTATATCATACACACATACNNNNNNNNNNNNNNNNTTATACNNNNNNNNNNNNNNNNAGGAATGTGTGTGCNACCTNATGNTTAACNNCAAGTGTACCCNNGAATNTGTNGNTGNTGGCNT
38,40c34,36
< SEQUENCE_TARGET=134,15,CA
< SEQUENCE_TARGET=213,16,AT
< SEQUENCE_TARGET=235,16,AT
---
> SEQUENCE_TARGET=134,15
> SEQUENCE_TARGET=213,16
> SEQUENCE_TARGET=235,16
51c47
< SEQUENCE_TEMPLATE=s3
---
> SEQUENCE_TEMPLATE=TNNNNNNNNNNNNNNNNNNNNNNNNNNNNCTGCAGGAGGATGAAATGCAATCTGAAGAGAGCCCCTGAGCCAGTCCAGCCTCCCCATCATGGCCTTTGCCTTCCAACCCCTGCGTTCTTCCGGGCCTCTGTGAAATGCTATCTTGATAATGTCTGTAATCACTTGATTGCAGCCAAGCTAAAGGCTGGCCCTGACTGGGATGCAGAATGAAGAGTTGTGGGGAGGCGAGGGATAGCAGGAACGAACCCAAAAAACACACTGCCCTTTCACACAGTCAT
53c49
< SEQUENCE_TARGET=1,28,CA
---
> SEQUENCE_TARGET=1,28
63c59
< SEQUENCE_TEMPLATE=s4
---
> SEQUENCE_TEMPLATE=NNNNNNNNNNNNNNNNNTCATACAAAGNNNNNNNNNNNNNNNNNNNNNNNNNNNNNNNNNNNNNNNNNNNNNNNNNNNNNNNNNNNNTGCATATTATGTATATGCTGCATCTAACTTTATCCTTTCAGACAGCCTAGCTGCAGCTCAGGATGCTGTCTATTCCAGACTTACCTCAAACATGCAGCAGCAGCAGTACATGAAGAAATTGAATTATTCCATGTTAAGGCAAAGATAAACACTATCCACAAATATAGGCTTATTAGCNAGGTCTAAAGAAAAATTTCACTCACTAAGCACTCAA
65c61
< SEQUENCE_TARGET=27,60,AC
---
> SEQUENCE_TARGET=27,60
75c71
< SEQUENCE_TEMPLATE=s5
---
> SEQUENCE_TEMPLATE=NNNNNNNNNNNNNNNNNNTCCCAGAATGCAATGCCCAGAAAAGTCTCGCCCTCAATCTCATAGTTTCACTCAGCGTCTAGCACCGAGGAAAGTTTTGTGAGAAGGGAGGAGTAAGTACTGGAGAGAGAAGAGGAATTAAACAATGGNNNNNNNNNNNNNNNNNNNNNNNNNNNNNNNNNNNNNNNNNNNNNNGTGTGTGNNNNNNNNNNNNNNNNNNNNNNTGTGTGTGTGTATAGGTATACCGNATATGTGTGTGGTGTATAGGCATAGGTATATGTATATGTGCNNNNNNNNNNNNNGNNNNNNNNNNNNNNNCAGANAGAGAGACNANACCNCNCNNGGNGNNNCNNNNGNGCNNAGAGNGNGNCNGANNGNGAGNGACCAC
77,80c73,76
< SEQUENCE_TARGET=146,46,AT
< SEQUENCE_TARGET=199,22,TA
< SEQUENCE_TARGET=286,13,GT
< SEQUENCE_TARGET=300,15,AG
---
> SEQUENCE_TARGET=146,46
> SEQUENCE_TARGET=199,22
> SEQUENCE_TARGET=286,13
> SEQUENCE_TARGET=300,15
112c108
< SEQUENCE_TEMPLATE=s6
---
> SEQUENCE_TEMPLATE=NNNNNNNNNNCCTAATACTGTGAAGACAGCNNNNNNNNNNNNNNNNNNNNNNNNNNNNNNNNNNNNNNNNNNNNTGGGGAGGTGTTCCAATAGAGAAGCAAGATCATGACACCCTCTGACCTTTGCCCCTGGCAACCATTTTGGGTATGTTCTCATGGCTCCCTCCACCCCCAGCCTCAGTTTCCCTGAGAGGGAAGGGGGATATAGGGAGAGGAGAGCCGNGCCCCGCCCCCATCCGGGATCANTGTTGGGGGAAGAATGNGTGCAAGCCAGGCCACCNGGGGTTAANGCGGTGACCTCAGCCGNGCGCCCCAGGAGGGGTNNNAGANCCTCNANTTCGTANTCNNTGAGATCAATAANAATGTTTCAATGTGTGAAA
114c110
< SEQUENCE_TARGET=30,44,GT
---
> SEQUENCE_TARGET=30,44
124c120
< SEQUENCE_TEMPLATE=s7
---
> SEQUENCE_TEMPLATE=NNNNNNNNNNNNNNCTTCAGTAANAGATTCTTATCACAGGAAAGAAGGTGGAGAATGATAAACAAGGAGTTCAACATCAACCTCGGGCCTGTATATGTATGAAGTACGTACACCCAAATCCTATACATACATGTTCGTGCAAACACTCAAATACTACATATACTTGTATATACAAGNNNNNNNNNNNNNNNNNNNNNNNNNNNNNNNNNNCTATACAAACACTTATTTATTGGTTTTATTTTGCCTTAAAGGATTAAGTTGTGATTACTAATACATTTTATTTTGCTTTTGGAGACAGGGTCTTGCTAGGTATCCTAAGGNNNNNNNNNNNNNNNNNNNNNNNNNNNNNNNNNNNNNNNNNNNNNNNNNNNNNNNNNNN
126c122
< SEQUENCE_TARGET=176,34,CA
---
> SEQUENCE_TARGET=176,34
159c155
< SEQUENCE_TEMPLATE=s8
---
> SEQUENCE_TEMPLATE=NNNNNNNNNACCTAACTAAAACAGACCATAAACTGAGAACCTAGTATTCATGCAGCTGAGACTTTGAAGGCCACTCTCATTCAGCCAGGTGTGTGAGGANCGCGCGGCCGACATCTACTACTACTNNNNNNNNNNNNNNNNNNNNNNNNNNNNNNNNNNNNANNNNNNNNNNNNNNNNNNNNNNNNACAACNNNNNNNNNNNNNNNNCACAAAGNNNNNNNNNNNNNNGTAGGACAGACAGAGATTAGACAGAGTAGTAAGGGGAGAGANNAGGTTGGTTGTGGGAAGGACCTTATTACTTCACAA
161,164c157,160
< SEQUENCE_TARGET=125,36,AC
< SEQUENCE_TARGET=162,24,GA
< SEQUENCE_TARGET=191,16,AG
< SEQUENCE_TARGET=214,14,GA
---
> SEQUENCE_TARGET=125,36
> SEQUENCE_TARGET=162,24
> SEQUENCE_TARGET=191,16
> SEQUENCE_TARGET=214,14
1054c1050
< SEQUENCE_TEMPLATE=s9
---
> SEQUENCE_TEMPLATE=NNNNNNNNCCAACCCAAAAATACAGACGGANACACACACAAACAGAGACACAGACACAGACNNNNNNNNNNNNNNNNNNNNNNNNNNNNNNNNNNNNNNNNNNNNNNNNNNNNNNNNNNNNNNNNNNNNTTGAGACGGGTAACACAGGGNATCTTGACTGATATAGAGGTACATGTCCAAACAAGAATAGGGTAGCGGGAAAGCACAGAAGAGAAGAAAAGACAGAGTTTTGCAGACCTTGGATTTTACCCTTATGCCACCTCACCAAAGATGTGATTCCCTATATGGTCAAAGA
1056c1052
< SEQUENCE_TARGET=61,68,CA
---
> SEQUENCE_TARGET=61,68
1946c1942
< SEQUENCE_TEMPLATE=s10
---
> SEQUENCE_TEMPLATE=NNNNNNNNNNNNNNNNNNCCAGGACTGGAGTTCTCAACTGGAAGCAGGGCATAATAAATATACACAGACTACTCTTTGGGTACAAACTGACAGGCAATTTCAAGGCTTAAAGTTANNNNNNNNNNNNNNNNNNNNNNNNNNNNNGNNNNNNNNNNNNNNNNNNNNNNNNNNNNNNNNNNNNNNNNNNNNNATCTCATGCACACCCCCCCTCTCCACCTGAACCTCTACATGCGTGCACATGTTCACACATGTTCTCTCATTTGCTCTCACACTTGCTCTCATTACTCGCTCTCTAGACCTT
1948,1950c1944,1946
< SEQUENCE_TARGET=115,29,CT
< SEQUENCE_TARGET=145,20,NG
< SEQUENCE_TARGET=166,24,CA
---
> SEQUENCE_TARGET=115,29
> SEQUENCE_TARGET=145,20
> SEQUENCE_TARGET=166,24
2840c2836
< SEQUENCE_TEMPLATE=s11
---
> SEQUENCE_TEMPLATE=NNNNNNNNNNNNNNNNNNNNCATGCAGTGTGAATATCTCATGTTCTTCAGCTTTTTCCCCTTAGGACCAAGGTATAGCCTTAGGACCACGGATTATCCTTCCATTTTCTTAGAACTCTANNNNNNNNNNNNNNNNNNNNNNNNNNNNNNNNNNNNNNNNNNNNNNNNNNNNNNNNNNNNNNGGTGAGTGGCATCTGTCCCACCAGGTCCTTTGAAGAGCTGAGTGAAATGATGTATAAAGTACTTTGCATTGGCAAGGGGGAAGACTCCAGCATGGATCTAGTAGAAGAAATATGAAGGAG
2842c2838
< SEQUENCE_TARGET=119,62,AC
---
> SEQUENCE_TARGET=119,62
3733c3729
< SEQUENCE_TEMPLATE=s12
---
> SEQUENCE_TEMPLATE=GCCTTGGGATTTTACTTATTGAGACATCCTGTTACCATGTAGGAGTTTAGAGAGGTTTCATTTTCTCTGCTAAGTAATGAGTTCAAAGCCAGGAAATCATCTCAGAGACAGCAGGCAGCAATAAGAAACACATTTTATTTCAGTTTATGAANNNNNNNNNNNNNNNNNNAGGGGGGAGGGAGGGAGGGACAGNNNNNNNNNNNNNNNNNNNNNNNNNNNNNNNNNNNNNNNNNNNNNNNNNNNNNGCNNNNNNNNNNNNNNNNNCANNNCNCNCTGNAGCANAANCNCCCTGCAAGNGCCGNCGNNGTNNCNGCNNTNNNNTCCCCCNGCNGGNGNNCCGNGCNCCCNNCCGGCGNNNCNNCNTGCNGNNG
3735,3737c3731,3733
< SEQUENCE_TARGET=151,18,AC
< SEQUENCE_TARGET=192,53,GA
< SEQUENCE_TARGET=248,16,AG
---
> SEQUENCE_TARGET=151,18
> SEQUENCE_TARGET=192,53
> SEQUENCE_TARGET=248,16
3835c3831
< SEQUENCE_TEMPLATE=s13
---
> SEQUENCE_TEMPLATE=NNNNNNNNNNNNNNNNNNNNTGATCAGGATTTCAGTGCTAATATNNNNNNNNNNNNNNNNNNNNNNNNNNNNNNNNNNNNNNNNNNCCCCTTTGGTAACTCCTGTTGTACAAGGGCTCCAAAAAGCAGGAAAGAATCAGAAACAGCCCCTGTTCCCTCTGTGAGGAAACCTACAAAAATGCAAGCAACACAAATATAATGTGTATACAGATAGCTTAGGTTAGATTCAAGCAGGCTCTTGTATTTTCAGCTCAGTCTCAGTGTAGCACCTGTAAATGCAGGTTGATTGAGGTTTATTTAT
3837c3833
< SEQUENCE_TARGET=44,42,CA
---
> SEQUENCE_TARGET=44,42
3847c3843
< SEQUENCE_TEMPLATE=s14
---
> SEQUENCE_TEMPLATE=NNNNNNNNNNNNACACATCTGAGAGTAGGGCAACCCCTGGGGTTCAAAACAGAAAGAAAGAATTCATTATTTAGGATAGAAAGGCAAGTAAATATAGATATCCTGCAATGGGATGAATACAAAGATTTATTTATTTATATTTATATTCATTAATCNNNNNNNNNNNNNNNNNNNNNNNNNNNNNNNNCATCAGAGGACAGGTTGTAGGAGCCAGTTCAGTTCTGTCCTTGCATACCTACATTCTGGGTNNNNNNNNNNNNNNNNNNNNNNNNNNNNNNNNNNNNNNNNN
3849c3845
< SEQUENCE_TARGET=155,32,TG
---
> SEQUENCE_TARGET=155,32
4035c4031
< SEQUENCE_TEMPLATE=s11
---
> SEQUENCE_TEMPLATE=NNNNNNNNNNNNNNNNNNNNNCNNNNNNNNNNNNNNNNGAGAGGTGTATATAGAGGGNNNNNNNNNNNNNNNNNNNNNNNNNNNNNNNNNNTTGTATCCAAAACTCTTTAGTCTTAATGTATTTATATACCTTTATTGTTATAAAATTCCTGTTTAAAACACAGTCTGAACAAGGTGACTTCTTTTAGAATTTGTCAGTAAGGAACACATTTTTTCTTTACCTATGTCTTTTTCTTAGACTGGGTCAGCACAATATTTGTAACTTNNNNNNNNNNNNNNNNNNNNNNNNNNNNNNN
4037,4040c4033,4036
< SEQUENCE_TARGET=22,16,TA
< SEQUENCE_TARGET=57,34,GT
< PRIMER_LEFT_EXPLAIN=considered 43, too many Ns 20, overlap target 20, low tm 3, ok 0
< PRIMER_RIGHT_EXPLAIN=considered 983, too many Ns 86, overlap target 41, GC content failed 1, low tm 445, high tm 160, ok 250
---
> SEQUENCE_TARGET=22,16
> SEQUENCE_TARGET=57,34
> PRIMER_LEFT_EXPLAIN=considered 43, too many Ns 40, low tm 3, ok 0
> PRIMER_RIGHT_EXPLAIN=considered 1307, too many Ns 79, GC content failed 218, low tm 877, ok 133
4048c4044
< SEQUENCE_TEMPLATE=s12
---
> SEQUENCE_TEMPLATE=NNNNNNNNNNNNNACTCATATACATAAAATAAATAGATATTTTTAAATAAACAGAAGATTGCAACGAAATCAAGCAGAATTCAAGACAATGAATAAATAACAAAATCTAAAAGGCTCAAGACTGCAACACTCCTGTGGGAGCACACATGTGTGCATGGAACACNCAAATGCGCNCNTNNNNNNNNNNNNNNNNNNNNNNNNNNNNNNNNNNTNTNCACACAANNCTACNGCNNCACNNTTAGCACNCGCACAAGNNNNNNNNNNNNNNTTCNGCNACNACATNNNNANNNCNCNAANACNNCNACNNCNCNNTNNC
4050,4053c4046,4049
< SEQUENCE_TARGET=177,33,AC
< SEQUENCE_TARGET=254,14,AC
< PRIMER_LEFT_EXPLAIN=considered 1147, too many Ns 97, overlap target 6, GC content failed 35, low tm 724, high tm 27, ok 258
< PRIMER_RIGHT_EXPLAIN=considered 144, too many Ns 144, ok 0
---
> SEQUENCE_TARGET=177,33
> SEQUENCE_TARGET=254,14
> PRIMER_LEFT_EXPLAIN=considered 1147, too many Ns 111, GC content failed 296, low tm 401, high tm 116, ok 223
> PRIMER_RIGHT_EXPLAIN=considered 89, too many Ns 89, ok 0
4059c4055
< =
---
> =
\ No newline at end of file
